============================= test session starts =============================
platform win32 -- Python 3.12.10, pytest-9.0.2, pluggy-1.6.0
rootdir: D:\kalk_v3
configfile: pyproject.toml
plugins: anyio-4.12.1, asyncio-1.3.0, mock-3.15.1
asyncio: mode=Mode.STRICT, debug=False, asyncio_default_fixture_loop_scope=None, asyncio_default_test_loop_scope=function
collected 0 items / 1 error

=================================== ERRORS ====================================
_____________ ERROR collecting backend/tests/test_homologation.py _____________
ImportError while importing test module 'D:\kalk_v3\backend\tests\test_homologation.py'.
Hint: make sure your test modules/packages have valid Python names.
Traceback:
C:\Users\proma\AppData\Local\Programs\Python\Python312\Lib\importlib\__init__.py:90: in import_module
    return _bootstrap._gcd_import(name[level:], package, level)
           ^^^^^^^^^^^^^^^^^^^^^^^^^^^^^^^^^^^^^^^^^^^^^^^^^^^^
tests\test_homologation.py:3: in <module>
    from main import app
E   ModuleNotFoundError: No module named 'main'
=========================== short test summary info ===========================
ERROR tests\test_homologation.py
!!!!!!!!!!!!!!!!!!! Interrupted: 1 error during collection !!!!!!!!!!!!!!!!!!!!
============================== 1 error in 0.54s ===============================
